Nothing to build in platform 'top_tp8'

00:16:19 **** Incremental Build of configuration Debug for project micro_tp8 ****
make all 
'Building file: ../src/protocolo_main1.c'
'Invoking: MicroBlaze gcc compiler'
mb-gcc -Wall -O0 -g3 -c -fmessage-length=0 -MT"src/protocolo_main1.o" -ID:/dario/fulgor/workspace_tp8/top_tp8/export/top_tp8/sw/top_tp8/standalone_domain/bspinclude/include -mlittle-endian -mcpu=v11.0 -mxl-soft-mul -Wl,--no-relax -ffunction-sections -fdata-sections -MMD -MP -MF"src/protocolo_main1.d" -MT"src/protocolo_main1.o" -o "src/protocolo_main1.o" "../src/protocolo_main1.c"
../src/protocolo_main1.c: In function 'main':
../src/protocolo_main1.c:104:3: warning: implicit declaration of function 'read'; did you mean 'fread'? [-Wimplicit-function-declaration]
   read(stdin,&trama,1);   //lee el registro de entrada del uart y lo guarda en la poscion de memoria de cabesera y lea un byte
   ^~~~
   fread
../src/protocolo_main1.c:112:19: warning: implicit declaration of function 'XUartLite_RecvByte'; did you mean 'XUartLite_Recv'? [-Wimplicit-function-declaration]
     datos_rec[i]= XUartLite_RecvByte((&uart_module)->RegBaseAddress);  //obtengo cada byte
                   ^~~~~~~~~~~~~~~~~~
                   XUartLite_Recv
../src/protocolo_main1.c:57:12: warning: unused variable 'Error_Q' [-Wunused-variable]
  u64 Ber_Q,Error_Q;
            ^~~~~~~
../src/protocolo_main1.c:55:24: warning: variable 'Q_error_h' set but not used [-Wunused-but-set-variable]
  u32 Q_ber_h,Q_error_l,Q_error_h;
                        ^~~~~~~~~
../src/protocolo_main1.c:55:14: warning: variable 'Q_error_l' set but not used [-Wunused-but-set-variable]
  u32 Q_ber_h,Q_error_l,Q_error_h;
              ^~~~~~~~~
'Finished building: ../src/protocolo_main1.c'
' '
'Building target: micro_tp8.elf'
'Invoking: MicroBlaze gcc linker'
mb-gcc -Wl,-T -Wl,../src/lscript.ld -LD:/dario/fulgor/workspace_tp8/top_tp8/export/top_tp8/sw/top_tp8/standalone_domain/bsplib/lib -mlittle-endian -mcpu=v11.0 -mxl-soft-mul -Wl,--no-relax -Wl,--gc-sections -o "micro_tp8.elf"  ./src/platform.o ./src/protocolo_main1.o   -Wl,--start-group,-lxil,-lgcc,-lc,--end-group
'Finished building target: micro_tp8.elf'
' '
'Invoking: MicroBlaze Print Size'
mb-size micro_tp8.elf  |tee "micro_tp8.elf.size"
   text	   data	    bss	    dec	    hex	filename
  10880	    668	   3252	  14800	   39d0	micro_tp8.elf
'Finished building: micro_tp8.elf.size'
' '
